Γùç injecting env (12) from .env // tip: Γîü auth for agents [www.vestauth.com]
node : Gemini Test Failed: [GoogleGenerativeAI 
Error]: Error fetching from https://generativelan
guage.googleapis.com/v1beta/models/gemini-1.5-pro
:generateContent: [404 Not Found] 
models/gemini-1.5-pro is not found for API 
version v1beta, or is not supported for 
generateContent. Call ListModels to see the list 
of available models and their supported methods.
At line:1 char:1
+ node test_gemini.js > test_log.txt 2>&1
+ ~~~~~~~~~~~~~~~~~~~~~~~~~~~~~~~~~~~~~~~
    + CategoryInfo          : NotSpecified: (Gem 
   ini Test Fai...ported methods.:String) [], R  
  emoteException
    + FullyQualifiedErrorId : NativeCommandError
 
